(base) zrowgz@Eamons-MBP w7 % ls
7-1-9-crudScores		7-2-6-topAndBottom		7-3-4-cliCRUD			c2
7-2-4-conditionalQueries	7-2-8-joinCrypto		c1				uw-challenge-7
(base) zrowgz@Eamons-MBP w7 % cd uw-challenge-7 
(base) zrowgz@Eamons-MBP uw-challenge-7 % touch .gitignore
(base) zrowgz@Eamons-MBP uw-challenge-7 % ls
etf.db			etf_analyzer.ipynb
(base) zrowgz@Eamons-MBP uw-challenge-7 % .gitignore
zsh: command not found: .gitignore
(base) zrowgz@Eamons-MBP uw-challenge-7 % open .gitignore
(base) zrowgz@Eamons-MBP uw-challenge-7 % touch README.md 
(base) zrowgz@Eamons-MBP uw-challenge-7 % open README.md 
(base) zrowgz@Eamons-MBP uw-challenge-7 % ls
README.md		etf.db			etf_analyzer.ipynb
(base) zrowgz@Eamons-MBP uw-challenge-7 % git init
hint: Using 'master' as the name for the initial branch. This default branch name
hint: is subject to change. To configure the initial branch name to use in all
hint: of your new repositories, which will suppress this warning, call:
hint: 
hint: 	git config --global init.defaultBranch <name>
hint: 
hint: Names commonly chosen instead of 'master' are 'main', 'trunk' and
hint: 'development'. The just-created branch can be renamed via this command:
hint: 
hint: 	git branch -m <name>
Initialized empty Git repository in /Users/zrowgz/Desktop/fintech-workspace/w7/uw-challenge-7/.git/
(base) zrowgz@Eamons-MBP uw-challenge-7 % git remote add uw-challenge-7 git@github.com:ZrowGz/uw-challenge-7.git
(base) zrowgz@Eamons-MBP uw-challenge-7 % git status
On branch master

No commits yet

Untracked files:
  (use "git add <file>..." to include in what will be committed)
	.gitignore
	README.md
	etf.db
	etf_analyzer.ipynb

nothing added to commit but untracked files present (use "git add" to track)
(base) zrowgz@Eamons-MBP uw-challenge-7 % git add .
(base) zrowgz@Eamons-MBP uw-challenge-7 % git commit -m "Initial commit including .gitignore and readme" 
[master (root-commit) 6dfd320] Initial commit including .gitignore and readme
 4 files changed, 2112 insertions(+)
 create mode 100644 .gitignore
 create mode 100644 README.md
 create mode 100644 etf.db
 create mode 100644 etf_analyzer.ipynb
(base) zrowgz@Eamons-MBP uw-challenge-7 % git push 
fatal: No configured push destination.
Either specify the URL from the command-line or configure a remote repository using

    git remote add <name> <url>

and then push using the remote name

    git push <name>

(base) zrowgz@Eamons-MBP uw-challenge-7 % git remote add uw-challenge-7 git@github.com:ZrowGz/uw-challenge-7.git
error: remote uw-challenge-7 already exists.
(base) zrowgz@Eamons-MBP uw-challenge-7 % git push uw-challenge-7
fatal: The current branch master has no upstream branch.
To push the current branch and set the remote as upstream, use

    git push --set-upstream uw-challenge-7 master

(base) zrowgz@Eamons-MBP uw-challenge-7 % git push --set-upstream uw-challenge-7 main
error: src refspec main does not match any
error: failed to push some refs to 'github.com:ZrowGz/uw-challenge-7.git'
(base) zrowgz@Eamons-MBP uw-challenge-7 % git push --set-upstream uw-challenge-7 master
Enter passphrase for key '/Users/zrowgz/.ssh/id_rsa': 
Enumerating objects: 6, done.
Counting objects: 100% (6/6), done.
Delta compression using up to 8 threads
Compressing objects: 100% (5/5), done.
Writing objects: 100% (6/6), 1011.96 KiB | 7.13 MiB/s, done.
Total 6 (delta 0), reused 0 (delta 0), pack-reused 0
To github.com:ZrowGz/uw-challenge-7.git
 * [new branch]      master -> master
Branch 'master' set up to track remote branch 'master' from 'uw-challenge-7'.
(base) zrowgz@Eamons-MBP uw-challenge-7 % git remote add origin git@github.com:ZrowGz/uw-challenge-7.git
(base) zrowgz@Eamons-MBP uw-challenge-7 % git branch -M main
(base) zrowgz@Eamons-MBP uw-challenge-7 % git push -u origin main
Enter passphrase for key '/Users/zrowgz/.ssh/id_rsa': 
Total 0 (delta 0), reused 0 (delta 0), pack-reused 0
remote: 
remote: Create a pull request for 'main' on GitHub by visiting:
remote:      https://github.com/ZrowGz/uw-challenge-7/pull/new/main
remote: 
To github.com:ZrowGz/uw-challenge-7.git
 * [new branch]      main -> main
Branch 'main' set up to track remote branch 'main' from 'origin'.
(base) zrowgz@Eamons-MBP uw-challenge-7 % git push origin --delete master
Enter passphrase for key '/Users/zrowgz/.ssh/id_rsa': 
To github.com:ZrowGz/uw-challenge-7.git
 ! [remote rejected] master (refusing to delete the current branch: refs/heads/master)
error: failed to push some refs to 'github.com:ZrowGz/uw-challenge-7.git'
(base) zrowgz@Eamons-MBP uw-challenge-7 % git checkout master
Branch 'master' set up to track remote branch 'master' from 'uw-challenge-7'.
Switched to a new branch 'master'
(base) zrowgz@Eamons-MBP uw-challenge-7 % git status
On branch master
Your branch is up to date with 'uw-challenge-7/master'.

nothing to commit, working tree clean
(base) zrowgz@Eamons-MBP uw-challenge-7 % git checkout main
Switched to branch 'main'
Your branch is up to date with 'origin/main'.
(base) zrowgz@Eamons-MBP uw-challenge-7 % git status
On branch main
Your branch is up to date with 'origin/main'.

nothing to commit, working tree clean
(base) zrowgz@Eamons-MBP uw-challenge-7 % git checkout master
Switched to branch 'master'
Your branch is up to date with 'uw-challenge-7/master'.
(base) zrowgz@Eamons-MBP uw-challenge-7 % git fetch --all -p
Fetching uw-challenge-7
Enter passphrase for key '/Users/zrowgz/.ssh/id_rsa': 
From github.com:ZrowGz/uw-challenge-7
 * [new branch]      main       -> uw-challenge-7/main
Fetching origin
Warning: Permanently added the RSA host key for IP address '192.30.255.113' to the list of known hosts.
Enter passphrase for key '/Users/zrowgz/.ssh/id_rsa': 
From github.com:ZrowGz/uw-challenge-7
 * [new branch]      master     -> origin/master
(base) zrowgz@Eamons-MBP uw-challenge-7 % git pull
hint: Pulling without specifying how to reconcile divergent branches is
hint: discouraged. You can squelch this message by running one of the following
hint: commands sometime before your next pull:
hint: 
hint:   git config pull.rebase false  # merge (the default strategy)
hint:   git config pull.rebase true   # rebase
hint:   git config pull.ff only       # fast-forward only
hint: 
hint: You can replace "git config" with "git config --global" to set a default
hint: preference for all repositories. You can also pass --rebase, --no-rebase,
hint: or --ff-only on the command line to override the configured default per
hint: invocation.
Enter passphrase for key '/Users/zrowgz/.ssh/id_rsa': 
Already up to date.
(base) zrowgz@Eamons-MBP uw-challenge-7 % git push
Enter passphrase for key '/Users/zrowgz/.ssh/id_rsa': 
Everything up-to-date
(base) zrowgz@Eamons-MBP uw-challenge-7 % git branch -m master main
fatal: A branch named 'main' already exists.
(base) zrowgz@Eamons-MBP uw-challenge-7 % git status
On branch master
Your branch is up to date with 'uw-challenge-7/master'.

nothing to commit, working tree clean
(base) zrowgz@Eamons-MBP uw-challenge-7 % git checkout main
Switched to branch 'main'
Your branch is up to date with 'origin/main'.
(base) zrowgz@Eamons-MBP uw-challenge-7 % git status
On branch main
Your branch is up to date with 'origin/main'.

nothing to commit, working tree clean
(base) zrowgz@Eamons-MBP uw-challenge-7 % git push -u origin main
Enter passphrase for key '/Users/zrowgz/.ssh/id_rsa': 
Branch 'main' set up to track remote branch 'main' from 'origin'.
Everything up-to-date
(base) zrowgz@Eamons-MBP uw-challenge-7 % git push origin --delete master
Enter passphrase for key '/Users/zrowgz/.ssh/id_rsa': 
To github.com:ZrowGz/uw-challenge-7.git
 ! [remote rejected] master (refusing to delete the current branch: refs/heads/master)
error: failed to push some refs to 'github.com:ZrowGz/uw-challenge-7.git'
(base) zrowgz@Eamons-MBP uw-challenge-7 % git fetch --all -p
Fetching uw-challenge-7
Enter passphrase for key '/Users/zrowgz/.ssh/id_rsa': 
Fetching origin
Enter passphrase for key '/Users/zrowgz/.ssh/id_rsa': 
(base) zrowgz@Eamons-MBP uw-challenge-7 % git pull
hint: Pulling without specifying how to reconcile divergent branches is
hint: discouraged. You can squelch this message by running one of the following
hint: commands sometime before your next pull:
hint: 
hint:   git config pull.rebase false  # merge (the default strategy)
hint:   git config pull.rebase true   # rebase
hint:   git config pull.ff only       # fast-forward only
hint: 
hint: You can replace "git config" with "git config --global" to set a default
hint: preference for all repositories. You can also pass --rebase, --no-rebase,
hint: or --ff-only on the command line to override the configured default per
hint: invocation.
Enter passphrase for key '/Users/zrowgz/.ssh/id_rsa': 
Already up to date.
(base) zrowgz@Eamons-MBP uw-challenge-7 % git push
Enter passphrase for key '/Users/zrowgz/.ssh/id_rsa': 
Everything up-to-date
(base) zrowgz@Eamons-MBP uw-challenge-7 % git status
On branch main
Your branch is up to date with 'origin/main'.

nothing to commit, working tree clean
(base) zrowgz@Eamons-MBP uw-challenge-7 % git push -u origin main
Enter passphrase for key '/Users/zrowgz/.ssh/id_rsa': 
Branch 'main' set up to track remote branch 'main' from 'origin'.
Everything up-to-date
(base) zrowgz@Eamons-MBP uw-challenge-7 % git push origin --delete master
Enter passphrase for key '/Users/zrowgz/.ssh/id_rsa': 
To github.com:ZrowGz/uw-challenge-7.git
 ! [remote rejected] master (refusing to delete the current branch: refs/heads/master)
error: failed to push some refs to 'github.com:ZrowGz/uw-challenge-7.git'
(base) zrowgz@Eamons-MBP uw-challenge-7 % git fetch origin
Enter passphrase for key '/Users/zrowgz/.ssh/id_rsa': 
(base) zrowgz@Eamons-MBP uw-challenge-7 % git status
On branch main
Your branch is up to date with 'origin/main'.

nothing to commit, working tree clean
(base) zrowgz@Eamons-MBP uw-challenge-7 % git branch -u origin/main main
Branch 'main' set up to track remote branch 'main' from 'origin'.
(base) zrowgz@Eamons-MBP uw-challenge-7 % git remote set-head origin -a
Enter passphrase for key '/Users/zrowgz/.ssh/id_rsa': 
origin/HEAD set to main
(base) zrowgz@Eamons-MBP uw-challenge-7 % git status
On branch main
Your branch is up to date with 'origin/main'.

nothing to commit, working tree clean
(base) zrowgz@Eamons-MBP uw-challenge-7 % ls
README.md		etf.db			etf_analyzer.ipynb
(base) zrowgz@Eamons-MBP uw-challenge-7 % git status
On branch main
Your branch is up to date with 'origin/main'.

Changes not staged for commit:
  (use "git add <file>..." to update what will be committed)
  (use "git restore <file>..." to discard changes in working directory)
	modified:   etf_analyzer.ipynb

no changes added to commit (use "git add" and/or "git commit -a")
(base) zrowgz@Eamons-MBP uw-challenge-7 % git add .
(base) zrowgz@Eamons-MBP uw-challenge-7 % git commit -m "cleaned up codebase"
[main 151beb1] cleaned up codebase
 1 file changed, 524 insertions(+), 1925 deletions(-)
 rewrite etf_analyzer.ipynb (99%)
(base) zrowgz@Eamons-MBP uw-challenge-7 % git push
Enter passphrase for key '/Users/zrowgz/.ssh/id_rsa': 
Enumerating objects: 5, done.
Counting objects: 100% (5/5), done.
Delta compression using up to 8 threads
Compressing objects: 100% (3/3), done.
Writing objects: 100% (3/3), 3.46 KiB | 3.46 MiB/s, done.
Total 3 (delta 1), reused 0 (delta 0), pack-reused 0
remote: Resolving deltas: 100% (1/1), completed with 1 local object.
To github.com:ZrowGz/uw-challenge-7.git
   6dfd320..151beb1  main -> main
(base) zrowgz@Eamons-MBP uw-challenge-7 % git status
On branch main
Your branch is up to date with 'origin/main'.

Changes not staged for commit:
  (use "git add <file>..." to update what will be committed)
  (use "git restore <file>..." to discard changes in working directory)
	modified:   etf_analyzer.ipynb

no changes added to commit (use "git add" and/or "git commit -a")
(base) zrowgz@Eamons-MBP uw-challenge-7 % git add .
(base) zrowgz@Eamons-MBP uw-challenge-7 % git committ -m "Analysis complete."
git: 'committ' is not a git command. See 'git --help'.

The most similar command is
	commit
(base) zrowgz@Eamons-MBP uw-challenge-7 % git commit -m "Analysis complete." 
[main ad82f1f] Analysis complete.
 1 file changed, 2773 insertions(+), 49 deletions(-)
(base) zrowgz@Eamons-MBP uw-challenge-7 % git push
Enter passphrase for key '/Users/zrowgz/.ssh/id_rsa': 
Enumerating objects: 5, done.
Counting objects: 100% (5/5), done.
Delta compression using up to 8 threads
Compressing objects: 100% (3/3), done.
Writing objects: 100% (3/3), 1018.23 KiB | 6.29 MiB/s, done.
Total 3 (delta 1), reused 0 (delta 0), pack-reused 0
remote: Resolving deltas: 100% (1/1), completed with 1 local object.
To github.com:ZrowGz/uw-challenge-7.git
   151beb1..ad82f1f  main -> main
(base) zrowgz@Eamons-MBP uw-challenge-7 % git add .
(base) zrowgz@Eamons-MBP uw-challenge-7 % git commit -m "Corrected a column name"
[main 4898ab9] Corrected a column name
 1 file changed, 31 insertions(+), 28 deletions(-)
(base) zrowgz@Eamons-MBP uw-challenge-7 % git push
Enter passphrase for key '/Users/zrowgz/.ssh/id_rsa': 
Enumerating objects: 5, done.
Counting objects: 100% (5/5), done.
Delta compression using up to 8 threads
Compressing objects: 100% (3/3), done.
Writing objects: 100% (3/3), 1.73 KiB | 1.73 MiB/s, done.
Total 3 (delta 2), reused 0 (delta 0), pack-reused 0
remote: Resolving deltas: 100% (2/2), completed with 2 local objects.
To github.com:ZrowGz/uw-challenge-7.git
   ad82f1f..4898ab9  main -> main
(base) zrowgz@Eamons-MBP uw-challenge-7 % git status 
On branch main
Your branch is up to date with 'origin/main'.

Changes not staged for commit:
  (use "git add <file>..." to update what will be committed)
  (use "git restore <file>..." to discard changes in working directory)
	modified:   README.md

no changes added to commit (use "git add" and/or "git commit -a")
(base) zrowgz@Eamons-MBP uw-challenge-7 % git add .
(base) zrowgz@Eamons-MBP uw-challenge-7 % git commit -m "Update README"
[main 7ad9aa2] Update README
 1 file changed, 31 insertions(+), 1 deletion(-)
 rewrite README.md (100%)
(base) zrowgz@Eamons-MBP uw-challenge-7 % git push
Enter passphrase for key '/Users/zrowgz/.ssh/id_rsa': 
Enumerating objects: 5, done.
Counting objects: 100% (5/5), done.
Delta compression using up to 8 threads
Compressing objects: 100% (3/3), done.
Writing objects: 100% (3/3), 772 bytes | 772.00 KiB/s, done.
Total 3 (delta 1), reused 0 (delta 0), pack-reused 0
remote: Resolving deltas: 100% (1/1), completed with 1 local object.
To github.com:ZrowGz/uw-challenge-7.git
   4898ab9..7ad9aa2  main -> main
(base) zrowgz@Eamons-MBP uw-challenge-7 % history > cli-submissions.txt
(base) zrowgz@Eamons-MBP uw-challenge-7 % 
